// Jest Snapshot v1, https://goo.gl/fbAQLP

exports[`renders correctly when server down/loading 1`] = `
<MockedProvider
  addTypename={false}
  mocks={
    Array [
      Object {
        "request": Object {
          "query": Object {
            "definitions": Array [
              Object {
                "directives": Array [],
                "kind": "OperationDefinition",
                "name": undefined,
                "operation": "query",
                "selectionSet": Object {
                  "kind": "SelectionSet",
                  "selections": Array [
                    Object {
                      "alias": undefined,
                      "arguments": Array [],
                      "directives": Array [],
                      "kind": "Field",
                      "name": Object {
                        "kind": "Name",
                        "value": "lastAvailability",
                      },
                      "selectionSet": Object {
                        "kind": "SelectionSet",
                        "selections": Array [
                          Object {
                            "alias": undefined,
                            "arguments": Array [],
                            "directives": Array [],
                            "kind": "Field",
                            "name": Object {
                              "kind": "Name",
                              "value": "status",
                            },
                            "selectionSet": undefined,
                          },
                        ],
                      },
                    },
                  ],
                },
                "variableDefinitions": Array [],
              },
            ],
            "kind": "Document",
            "loc": Object {
              "end": 51,
              "start": 0,
            },
          },
        },
        "result": Object {
          "data": Object {
            "lastAvailability": Object {
              "id": 1,
              "status": 0,
            },
          },
        },
      },
    ]
  }
>
  <ApolloProvider
    client={
      ApolloClient {
        "cache": InMemoryCache {
          "addTypename": false,
          "cacheKeyRoot": KeyTrie {
            "weak": WeakMap {},
            "weakness": true,
          },
          "config": Object {
            "addTypename": false,
            "dataIdFromObject": [Function],
            "fragmentMatcher": HeuristicFragmentMatcher {},
            "freezeResults": false,
            "resultCaching": true,
          },
          "data": DepTrackingCache {
            "data": Object {
              "$ROOT_QUERY.lastAvailability": Object {
                "status": 0,
              },
              "ROOT_QUERY": Object {
                "lastAvailability": Object {
                  "generated": true,
                  "id": "$ROOT_QUERY.lastAvailability",
                  "type": "id",
                  "typename": undefined,
                },
              },
            },
            "depend": [Function],
          },
          "maybeBroadcastWatch": [Function],
          "optimisticData": DepTrackingCache {
            "data": Object {
              "$ROOT_QUERY.lastAvailability": Object {
                "status": 0,
              },
              "ROOT_QUERY": Object {
                "lastAvailability": Object {
                  "generated": true,
                  "id": "$ROOT_QUERY.lastAvailability",
                  "type": "id",
                  "typename": undefined,
                },
              },
            },
            "depend": [Function],
          },
          "silenceBroadcast": false,
          "storeReader": StoreReader {
            "executeSelectionSet": [Function],
            "executeStoreQuery": [Function],
            "executeSubSelectedArray": [Function],
            "freezeResults": false,
          },
          "storeWriter": StoreWriter {},
          "typenameDocumentCache": Map {},
          "watches": Set {
            Object {
              "callback": [Function],
              "optimistic": true,
              "previousResult": [Function],
              "query": Object {
                "definitions": Array [
                  Object {
                    "directives": Array [],
                    "kind": "OperationDefinition",
                    "name": undefined,
                    "operation": "query",
                    "selectionSet": Object {
                      "kind": "SelectionSet",
                      "selections": Array [
                        Object {
                          "alias": undefined,
                          "arguments": Array [],
                          "directives": Array [],
                          "kind": "Field",
                          "name": Object {
                            "kind": "Name",
                            "value": "lastAvailability",
                          },
                          "selectionSet": Object {
                            "kind": "SelectionSet",
                            "selections": Array [
                              Object {
                                "alias": undefined,
                                "arguments": Array [],
                                "directives": Array [],
                                "kind": "Field",
                                "name": Object {
                                  "kind": "Name",
                                  "value": "status",
                                },
                                "selectionSet": undefined,
                              },
                            ],
                          },
                        },
                      ],
                    },
                    "variableDefinitions": Array [],
                  },
                ],
                "kind": "Document",
                "loc": Object {
                  "end": 51,
                  "start": 0,
                },
              },
              "variables": Object {},
            },
          },
        },
        "clearStoreCallbacks": Array [],
        "defaultOptions": Object {},
        "disableNetworkFetches": false,
        "link": MockLink {
          "addTypename": false,
          "mockedResponsesByKey": Object {
            "{\\"query\\":\\"{\\\\n  lastAvailability {\\\\n    status\\\\n  }\\\\n}\\\\n\\"}": Array [],
          },
        },
        "localState": LocalState {
          "cache": InMemoryCache {
            "addTypename": false,
            "cacheKeyRoot": KeyTrie {
              "weak": WeakMap {},
              "weakness": true,
            },
            "config": Object {
              "addTypename": false,
              "dataIdFromObject": [Function],
              "fragmentMatcher": HeuristicFragmentMatcher {},
              "freezeResults": false,
              "resultCaching": true,
            },
            "data": DepTrackingCache {
              "data": Object {
                "$ROOT_QUERY.lastAvailability": Object {
                  "status": 0,
                },
                "ROOT_QUERY": Object {
                  "lastAvailability": Object {
                    "generated": true,
                    "id": "$ROOT_QUERY.lastAvailability",
                    "type": "id",
                    "typename": undefined,
                  },
                },
              },
              "depend": [Function],
            },
            "maybeBroadcastWatch": [Function],
            "optimisticData": DepTrackingCache {
              "data": Object {
                "$ROOT_QUERY.lastAvailability": Object {
                  "status": 0,
                },
                "ROOT_QUERY": Object {
                  "lastAvailability": Object {
                    "generated": true,
                    "id": "$ROOT_QUERY.lastAvailability",
                    "type": "id",
                    "typename": undefined,
                  },
                },
              },
              "depend": [Function],
            },
            "silenceBroadcast": false,
            "storeReader": StoreReader {
              "executeSelectionSet": [Function],
              "executeStoreQuery": [Function],
              "executeSubSelectedArray": [Function],
              "freezeResults": false,
            },
            "storeWriter": StoreWriter {},
            "typenameDocumentCache": Map {},
            "watches": Set {
              Object {
                "callback": [Function],
                "optimistic": true,
                "previousResult": [Function],
                "query": Object {
                  "definitions": Array [
                    Object {
                      "directives": Array [],
                      "kind": "OperationDefinition",
                      "name": undefined,
                      "operation": "query",
                      "selectionSet": Object {
                        "kind": "SelectionSet",
                        "selections": Array [
                          Object {
                            "alias": undefined,
                            "arguments": Array [],
                            "directives": Array [],
                            "kind": "Field",
                            "name": Object {
                              "kind": "Name",
                              "value": "lastAvailability",
                            },
                            "selectionSet": Object {
                              "kind": "SelectionSet",
                              "selections": Array [
                                Object {
                                  "alias": undefined,
                                  "arguments": Array [],
                                  "directives": Array [],
                                  "kind": "Field",
                                  "name": Object {
                                    "kind": "Name",
                                    "value": "status",
                                  },
                                  "selectionSet": undefined,
                                },
                              ],
                            },
                          },
                        ],
                      },
                      "variableDefinitions": Array [],
                    },
                  ],
                  "kind": "Document",
                  "loc": Object {
                    "end": 51,
                    "start": 0,
                  },
                },
                "variables": Object {},
              },
            },
          },
          "client": [Circular],
        },
        "mutate": [Function],
        "query": [Function],
        "queryDeduplication": true,
        "queryManager": QueryManager {
          "assumeImmutableResults": false,
          "clientAwareness": Object {
            "name": undefined,
            "version": undefined,
          },
          "dataStore": DataStore {
            "cache": InMemoryCache {
              "addTypename": false,
              "cacheKeyRoot": KeyTrie {
                "weak": WeakMap {},
                "weakness": true,
              },
              "config": Object {
                "addTypename": false,
                "dataIdFromObject": [Function],
                "fragmentMatcher": HeuristicFragmentMatcher {},
                "freezeResults": false,
                "resultCaching": true,
              },
              "data": DepTrackingCache {
                "data": Object {
                  "$ROOT_QUERY.lastAvailability": Object {
                    "status": 0,
                  },
                  "ROOT_QUERY": Object {
                    "lastAvailability": Object {
                      "generated": true,
                      "id": "$ROOT_QUERY.lastAvailability",
                      "type": "id",
                      "typename": undefined,
                    },
                  },
                },
                "depend": [Function],
              },
              "maybeBroadcastWatch": [Function],
              "optimisticData": DepTrackingCache {
                "data": Object {
                  "$ROOT_QUERY.lastAvailability": Object {
                    "status": 0,
                  },
                  "ROOT_QUERY": Object {
                    "lastAvailability": Object {
                      "generated": true,
                      "id": "$ROOT_QUERY.lastAvailability",
                      "type": "id",
                      "typename": undefined,
                    },
                  },
                },
                "depend": [Function],
              },
              "silenceBroadcast": false,
              "storeReader": StoreReader {
                "executeSelectionSet": [Function],
                "executeStoreQuery": [Function],
                "executeSubSelectedArray": [Function],
                "freezeResults": false,
              },
              "storeWriter": StoreWriter {},
              "typenameDocumentCache": Map {},
              "watches": Set {
                Object {
                  "callback": [Function],
                  "optimistic": true,
                  "previousResult": [Function],
                  "query": Object {
                    "definitions": Array [
                      Object {
                        "directives": Array [],
                        "kind": "OperationDefinition",
                        "name": undefined,
                        "operation": "query",
                        "selectionSet": Object {
                          "kind": "SelectionSet",
                          "selections": Array [
                            Object {
                              "alias": undefined,
                              "arguments": Array [],
                              "directives": Array [],
                              "kind": "Field",
                              "name": Object {
                                "kind": "Name",
                                "value": "lastAvailability",
                              },
                              "selectionSet": Object {
                                "kind": "SelectionSet",
                                "selections": Array [
                                  Object {
                                    "alias": undefined,
                                    "arguments": Array [],
                                    "directives": Array [],
                                    "kind": "Field",
                                    "name": Object {
                                      "kind": "Name",
                                      "value": "status",
                                    },
                                    "selectionSet": undefined,
                                  },
                                ],
                              },
                            },
                          ],
                        },
                        "variableDefinitions": Array [],
                      },
                    ],
                    "kind": "Document",
                    "loc": Object {
                      "end": 51,
                      "start": 0,
                    },
                  },
                  "variables": Object {},
                },
              },
            },
          },
          "fetchQueryRejectFns": Map {},
          "idCounter": 3,
          "inFlightLinkObservables": Map {},
          "link": MockLink {
            "addTypename": false,
            "mockedResponsesByKey": Object {
              "{\\"query\\":\\"{\\\\n  lastAvailability {\\\\n    status\\\\n  }\\\\n}\\\\n\\"}": Array [],
            },
          },
          "localState": LocalState {
            "cache": InMemoryCache {
              "addTypename": false,
              "cacheKeyRoot": KeyTrie {
                "weak": WeakMap {},
                "weakness": true,
              },
              "config": Object {
                "addTypename": false,
                "dataIdFromObject": [Function],
                "fragmentMatcher": HeuristicFragmentMatcher {},
                "freezeResults": false,
                "resultCaching": true,
              },
              "data": DepTrackingCache {
                "data": Object {
                  "$ROOT_QUERY.lastAvailability": Object {
                    "status": 0,
                  },
                  "ROOT_QUERY": Object {
                    "lastAvailability": Object {
                      "generated": true,
                      "id": "$ROOT_QUERY.lastAvailability",
                      "type": "id",
                      "typename": undefined,
                    },
                  },
                },
                "depend": [Function],
              },
              "maybeBroadcastWatch": [Function],
              "optimisticData": DepTrackingCache {
                "data": Object {
                  "$ROOT_QUERY.lastAvailability": Object {
                    "status": 0,
                  },
                  "ROOT_QUERY": Object {
                    "lastAvailability": Object {
                      "generated": true,
                      "id": "$ROOT_QUERY.lastAvailability",
                      "type": "id",
                      "typename": undefined,
                    },
                  },
                },
                "depend": [Function],
              },
              "silenceBroadcast": false,
              "storeReader": StoreReader {
                "executeSelectionSet": [Function],
                "executeStoreQuery": [Function],
                "executeSubSelectedArray": [Function],
                "freezeResults": false,
              },
              "storeWriter": StoreWriter {},
              "typenameDocumentCache": Map {},
              "watches": Set {
                Object {
                  "callback": [Function],
                  "optimistic": true,
                  "previousResult": [Function],
                  "query": Object {
                    "definitions": Array [
                      Object {
                        "directives": Array [],
                        "kind": "OperationDefinition",
                        "name": undefined,
                        "operation": "query",
                        "selectionSet": Object {
                          "kind": "SelectionSet",
                          "selections": Array [
                            Object {
                              "alias": undefined,
                              "arguments": Array [],
                              "directives": Array [],
                              "kind": "Field",
                              "name": Object {
                                "kind": "Name",
                                "value": "lastAvailability",
                              },
                              "selectionSet": Object {
                                "kind": "SelectionSet",
                                "selections": Array [
                                  Object {
                                    "alias": undefined,
                                    "arguments": Array [],
                                    "directives": Array [],
                                    "kind": "Field",
                                    "name": Object {
                                      "kind": "Name",
                                      "value": "status",
                                    },
                                    "selectionSet": undefined,
                                  },
                                ],
                              },
                            },
                          ],
                        },
                        "variableDefinitions": Array [],
                      },
                    ],
                    "kind": "Document",
                    "loc": Object {
                      "end": 51,
                      "start": 0,
                    },
                  },
                  "variables": Object {},
                },
              },
            },
            "client": [Circular],
          },
          "mutationStore": MutationStore {
            "store": Object {},
          },
          "onBroadcast": [Function],
          "pollingInfoByQueryId": Map {},
          "queries": Map {
            "1" => Object {
              "cancel": [Function],
              "document": Object {
                "definitions": Array [
                  Object {
                    "directives": Array [],
                    "kind": "OperationDefinition",
                    "name": undefined,
                    "operation": "query",
                    "selectionSet": Object {
                      "kind": "SelectionSet",
                      "selections": Array [
                        Object {
                          "alias": undefined,
                          "arguments": Array [],
                          "directives": Array [],
                          "kind": "Field",
                          "name": Object {
                            "kind": "Name",
                            "value": "lastAvailability",
                          },
                          "selectionSet": Object {
                            "kind": "SelectionSet",
                            "selections": Array [
                              Object {
                                "alias": undefined,
                                "arguments": Array [],
                                "directives": Array [],
                                "kind": "Field",
                                "name": Object {
                                  "kind": "Name",
                                  "value": "status",
                                },
                                "selectionSet": undefined,
                              },
                            ],
                          },
                        },
                      ],
                    },
                    "variableDefinitions": Array [],
                  },
                ],
                "kind": "Document",
                "loc": Object {
                  "end": 51,
                  "start": 0,
                },
              },
              "invalidated": false,
              "lastRequestId": 2,
              "listeners": Set {
                [Function],
              },
              "newData": null,
              "observableQuery": ObservableQuery {
                "_subscriber": [Function],
                "isTornDown": false,
                "lastResult": Object {
                  "data": Object {
                    "lastAvailability": Object {
                      "status": 0,
                    },
                  },
                  "loading": false,
                  "networkStatus": 7,
                  "stale": false,
                },
                "lastResultSnapshot": Object {
                  "data": Object {
                    "lastAvailability": Object {
                      "status": 0,
                    },
                  },
                  "loading": false,
                  "networkStatus": 7,
                  "stale": false,
                },
                "observers": Set {
                  SubscriptionObserver {
                    "_subscription": Subscription {
                      "_cleanup": [Function],
                      "_observer": Object {
                        "error": [Function],
                        "next": [Function],
                      },
                      "_queue": undefined,
                      "_state": "ready",
                    },
                  },
                },
                "options": Object {
                  "context": undefined,
                  "displayName": "Query",
                  "metadata": Object {
                    "reactComponent": Object {
                      "displayName": "Query",
                    },
                  },
                  "notifyOnNetworkStatusChange": false,
                  "query": Object {
                    "definitions": Array [
                      Object {
                        "directives": Array [],
                        "kind": "OperationDefinition",
                        "name": undefined,
                        "operation": "query",
                        "selectionSet": Object {
                          "kind": "SelectionSet",
                          "selections": Array [
                            Object {
                              "alias": undefined,
                              "arguments": Array [],
                              "directives": Array [],
                              "kind": "Field",
                              "name": Object {
                                "kind": "Name",
                                "value": "lastAvailability",
                              },
                              "selectionSet": Object {
                                "kind": "SelectionSet",
                                "selections": Array [
                                  Object {
                                    "alias": undefined,
                                    "arguments": Array [],
                                    "directives": Array [],
                                    "kind": "Field",
                                    "name": Object {
                                      "kind": "Name",
                                      "value": "status",
                                    },
                                    "selectionSet": undefined,
                                  },
                                ],
                              },
                            },
                          ],
                        },
                        "variableDefinitions": Array [],
                      },
                    ],
                    "kind": "Document",
                    "loc": Object {
                      "end": 51,
                      "start": 0,
                    },
                  },
                  "variables": Object {},
                },
                "queryId": "1",
                "queryManager": [Circular],
                "queryName": undefined,
                "shouldSubscribe": true,
                "subscriptions": Set {},
                "variables": Object {},
              },
              "subscriptions": Set {},
            },
          },
          "queryDeduplication": true,
          "queryStore": QueryStore {
            "store": Object {
              "1": Object {
                "document": Object {
                  "definitions": Array [
                    Object {
                      "directives": Array [],
                      "kind": "OperationDefinition",
                      "name": undefined,
                      "operation": "query",
                      "selectionSet": Object {
                        "kind": "SelectionSet",
                        "selections": Array [
                          Object {
                            "alias": undefined,
                            "arguments": Array [],
                            "directives": Array [],
                            "kind": "Field",
                            "name": Object {
                              "kind": "Name",
                              "value": "lastAvailability",
                            },
                            "selectionSet": Object {
                              "kind": "SelectionSet",
                              "selections": Array [
                                Object {
                                  "alias": undefined,
                                  "arguments": Array [],
                                  "directives": Array [],
                                  "kind": "Field",
                                  "name": Object {
                                    "kind": "Name",
                                    "value": "status",
                                  },
                                  "selectionSet": undefined,
                                },
                              ],
                            },
                          },
                        ],
                      },
                      "variableDefinitions": Array [],
                    },
                  ],
                  "kind": "Document",
                  "loc": Object {
                    "end": 51,
                    "start": 0,
                  },
                },
                "graphQLErrors": Array [],
                "metadata": Object {
                  "reactComponent": Object {
                    "displayName": "Query",
                  },
                },
                "networkError": null,
                "networkStatus": 7,
                "previousVariables": null,
                "variables": Object {},
              },
            },
          },
          "ssrMode": false,
          "transformCache": WeakMap {},
        },
        "reFetchObservableQueries": [Function],
        "resetStore": [Function],
        "resetStoreCallbacks": Array [],
        "store": DataStore {
          "cache": InMemoryCache {
            "addTypename": false,
            "cacheKeyRoot": KeyTrie {
              "weak": WeakMap {},
              "weakness": true,
            },
            "config": Object {
              "addTypename": false,
              "dataIdFromObject": [Function],
              "fragmentMatcher": HeuristicFragmentMatcher {},
              "freezeResults": false,
              "resultCaching": true,
            },
            "data": DepTrackingCache {
              "data": Object {
                "$ROOT_QUERY.lastAvailability": Object {
                  "status": 0,
                },
                "ROOT_QUERY": Object {
                  "lastAvailability": Object {
                    "generated": true,
                    "id": "$ROOT_QUERY.lastAvailability",
                    "type": "id",
                    "typename": undefined,
                  },
                },
              },
              "depend": [Function],
            },
            "maybeBroadcastWatch": [Function],
            "optimisticData": DepTrackingCache {
              "data": Object {
                "$ROOT_QUERY.lastAvailability": Object {
                  "status": 0,
                },
                "ROOT_QUERY": Object {
                  "lastAvailability": Object {
                    "generated": true,
                    "id": "$ROOT_QUERY.lastAvailability",
                    "type": "id",
                    "typename": undefined,
                  },
                },
              },
              "depend": [Function],
            },
            "silenceBroadcast": false,
            "storeReader": StoreReader {
              "executeSelectionSet": [Function],
              "executeStoreQuery": [Function],
              "executeSubSelectedArray": [Function],
              "freezeResults": false,
            },
            "storeWriter": StoreWriter {},
            "typenameDocumentCache": Map {},
            "watches": Set {
              Object {
                "callback": [Function],
                "optimistic": true,
                "previousResult": [Function],
                "query": Object {
                  "definitions": Array [
                    Object {
                      "directives": Array [],
                      "kind": "OperationDefinition",
                      "name": undefined,
                      "operation": "query",
                      "selectionSet": Object {
                        "kind": "SelectionSet",
                        "selections": Array [
                          Object {
                            "alias": undefined,
                            "arguments": Array [],
                            "directives": Array [],
                            "kind": "Field",
                            "name": Object {
                              "kind": "Name",
                              "value": "lastAvailability",
                            },
                            "selectionSet": Object {
                              "kind": "SelectionSet",
                              "selections": Array [
                                Object {
                                  "alias": undefined,
                                  "arguments": Array [],
                                  "directives": Array [],
                                  "kind": "Field",
                                  "name": Object {
                                    "kind": "Name",
                                    "value": "status",
                                  },
                                  "selectionSet": undefined,
                                },
                              ],
                            },
                          },
                        ],
                      },
                      "variableDefinitions": Array [],
                    },
                  ],
                  "kind": "Document",
                  "loc": Object {
                    "end": 51,
                    "start": 0,
                  },
                },
                "variables": Object {},
              },
            },
          },
        },
        "typeDefs": undefined,
        "version": "2.6.10",
        "watchQuery": [Function],
      }
    }
  >
    <Provider
      store={
        Object {
          "dispatch": [Function],
          "getState": [Function],
          "replaceReducer": [Function],
          "subscribe": [Function],
          Symbol(observable): [Function],
        }
      }
    >
      <Availability>
        <styled.div>
          <div
            className="sc-AxjAm iZilVu"
          >
            <AvailabilityImage
              loading={false}
              status={0}
            >
              <styled.div>
                <div
                  className="sc-AxirZ gpWHsK"
                >
                  <styled.img
                    alt="Jason Van Malder"
                    src="me.jpg"
                  >
                    <img
                      alt="Jason Van Malder"
                      className="sc-AxiKw jKjsTW"
                      src="me.jpg"
                    />
                  </styled.img>
                  <styled.span
                    status={0}
                  >
                    <span
                      className="sc-AxhCb gFhkBz"
                    />
                  </styled.span>
                </div>
              </styled.div>
            </AvailabilityImage>
            <styled.p>
              <p
                className="sc-AxhUy gWGACW"
              >
                <span>
                  Maybe available
                </span>
                 for charity organization project
              </p>
            </styled.p>
          </div>
        </styled.div>
      </Availability>
    </Provider>
  </ApolloProvider>
</MockedProvider>
`;
