// Jest Snapshot v1, https://goo.gl/fbAQLP

exports[`renders correctly 1`] = `
<Link
  className="sc-AxjAm sc-AxirZ fOVCUb"
  to="/"
/>
`;
