// Jest Snapshot v1, https://goo.gl/fbAQLP

exports[`renders correctly 1`] = `
<summary
  className="sc-AxjAm kjtral"
/>
`;
