// Jest Snapshot v1, https://goo.gl/fbAQLP

exports[`renders correctly an error 1`] = `
<ErrorBoundary>
  <styled.div>
    <div
      className="sc-AxjAm cJWZhD"
    >
      <styled.section
        column={true}
        horizontallyCentered={true}
        mobilePadding={true}
        verticallyCentered={true}
      >
        <section
          className="sc-AxgMl epjfXB"
        >
          <styled.img
            alt="Error"
            src="error.svg"
          >
            <img
              alt="Error"
              className="sc-AxmLO bmcvVM"
              src="error.svg"
            />
          </styled.img>
          <styled.h1>
            <h1
              className="sc-AxiKw drZJMY"
            >
              Oops!
            </h1>
          </styled.h1>
          <styled.p
            centered={true}
            margin={true}
          >
            <p
              className="sc-AxhCb fVUwQN"
            >
              Something went wrong. 
              Try to 
              <a
                href="/"
                onClick={[Function]}
              >
                refresh the page
              </a>
              .
              <br />
              If the problem persists, 
              <a
                href="mailto:jasonvanmalder@gmail.com"
              >
                please contact me
              </a>
              .
            </p>
          </styled.p>
          <details
            style={
              Object {
                "whiteSpace": "pre-wrap",
              }
            }
          >
            <styled.summary>
              <summary
                className="sc-fzozJi dMxRXQ"
              >
                <styled.p>
                  <p
                    className="sc-AxhCb borSJa"
                  >
                    Details
                  </p>
                </styled.p>
              </summary>
            </styled.summary>
            <pre>
              Very big error
              <br />
              prout
            </pre>
          </details>
        </section>
      </styled.section>
    </div>
  </styled.div>
</ErrorBoundary>
`;
