// Jest Snapshot v1, https://goo.gl/fbAQLP

exports[`renders correctly 1`] = `
<styled.img
  alt="Loading..."
  src="loader.svg"
/>
`;
