// Jest Snapshot v1, https://goo.gl/fbAQLP

exports[`renders correctly 1`] = `
<styled.div>
  <styled.div>
    <styled.span />
  </styled.div>
  <styled.img />
</styled.div>
`;
