// Jest Snapshot v1, https://goo.gl/fbAQLP

exports[`renders correctly with data 1`] = `
<Projects>
  <styled.div>
    <div
      className="sc-fzoXWK jAICvC"
    >
      <Project
        data={
          Object {
            "description": "proutdescription",
            "language": "proutlanguage",
            "license": "proutlicense",
            "name": "Proutrepo",
            "url": "https://api.github.com/orgs/bitsky-team/repos",
          }
        }
        key="proutid_https://api.github.com/orgs/bitsky-team/repos"
      >
        <styled.div
          onClick={[Function]}
        >
          <div
            className="sc-fznJRM eySefL"
            onClick={[Function]}
          >
            <styled.div>
              <div
                className="sc-fznxsB dHldqA"
              >
                <FontAwesomeIcon
                  border={false}
                  className=""
                  fixedWidth={false}
                  flip={null}
                  icon={
                    Object {
                      "icon": Array [
                        496,
                        512,
                        Array [],
                        "f09b",
                        "M165.9 397.4c0 2-2.3 3.6-5.2 3.6-3.3.3-5.6-1.3-5.6-3.6 0-2 2.3-3.6 5.2-3.6 3-.3 5.6 1.3 5.6 3.6zm-31.1-4.5c-.7 2 1.3 4.3 4.3 4.9 2.6 1 5.6 0 6.2-2s-1.3-4.3-4.3-5.2c-2.6-.7-5.5.3-6.2 2.3zm44.2-1.7c-2.9.7-4.9 2.6-4.6 4.9.3 2 2.9 3.3 5.9 2.6 2.9-.7 4.9-2.6 4.6-4.6-.3-1.9-3-3.2-5.9-2.9zM244.8 8C106.1 8 0 113.3 0 252c0 110.9 69.8 205.8 169.5 239.2 12.8 2.3 17.3-5.6 17.3-12.1 0-6.2-.3-40.4-.3-61.4 0 0-70 15-84.7-29.8 0 0-11.4-29.1-27.8-36.6 0 0-22.9-15.7 1.6-15.4 0 0 24.9 2 38.6 25.8 21.9 38.6 58.6 27.5 72.9 20.9 2.3-16 8.8-27.1 16-33.7-55.9-6.2-112.3-14.3-112.3-110.5 0-27.5 7.6-41.3 23.6-58.9-2.6-6.5-11.1-33.3 2.6-67.9 20.9-6.5 69 27 69 27 20-5.6 41.5-8.5 62.8-8.5s42.8 2.9 62.8 8.5c0 0 48.1-33.6 69-27 13.7 34.7 5.2 61.4 2.6 67.9 16 17.7 25.8 31.5 25.8 58.9 0 96.5-58.9 104.2-114.8 110.5 9.2 7.9 17 22.9 17 46.4 0 33.7-.3 75.4-.3 83.6 0 6.5 4.6 14.4 17.3 12.1C428.2 457.8 496 362.9 496 252 496 113.3 383.5 8 244.8 8zM97.2 352.9c-1.3 1-1 3.3.7 5.2 1.6 1.6 3.9 2.3 5.2 1 1.3-1 1-3.3-.7-5.2-1.6-1.6-3.9-2.3-5.2-1zm-10.8-8.1c-.7 1.3.3 2.9 2.3 3.9 1.6 1 3.6.7 4.3-.7.7-1.3-.3-2.9-2.3-3.9-2-.6-3.6-.3-4.3.7zm32.4 35.6c-1.6 1.3-1 4.3 1.3 6.2 2.3 2.3 5.2 2.6 6.5 1 1.3-1.3.7-4.3-1.3-6.2-2.2-2.3-5.2-2.6-6.5-1zm-11.4-14.7c-1.6 1-1.6 3.6 0 5.9 1.6 2.3 4.3 3.3 5.6 2.3 1.6-1.3 1.6-3.9 0-6.2-1.4-2.3-4-3.3-5.6-2z",
                      ],
                      "iconName": "github",
                      "prefix": "fab",
                    }
                  }
                  inverse={false}
                  listItem={false}
                  mask={null}
                  pull={null}
                  pulse={false}
                  rotation={null}
                  size={null}
                  spin={false}
                  swapOpacity={false}
                  symbol={false}
                  title=""
                  transform={null}
                >
                  <svg
                    aria-hidden="true"
                    className="svg-inline--fa fa-github fa-w-16 "
                    data-icon="github"
                    data-prefix="fab"
                    focusable="false"
                    role="img"
                    style={Object {}}
                    viewBox="0 0 496 512"
                    xmlns="http://www.w3.org/2000/svg"
                  >
                    <path
                      d="M165.9 397.4c0 2-2.3 3.6-5.2 3.6-3.3.3-5.6-1.3-5.6-3.6 0-2 2.3-3.6 5.2-3.6 3-.3 5.6 1.3 5.6 3.6zm-31.1-4.5c-.7 2 1.3 4.3 4.3 4.9 2.6 1 5.6 0 6.2-2s-1.3-4.3-4.3-5.2c-2.6-.7-5.5.3-6.2 2.3zm44.2-1.7c-2.9.7-4.9 2.6-4.6 4.9.3 2 2.9 3.3 5.9 2.6 2.9-.7 4.9-2.6 4.6-4.6-.3-1.9-3-3.2-5.9-2.9zM244.8 8C106.1 8 0 113.3 0 252c0 110.9 69.8 205.8 169.5 239.2 12.8 2.3 17.3-5.6 17.3-12.1 0-6.2-.3-40.4-.3-61.4 0 0-70 15-84.7-29.8 0 0-11.4-29.1-27.8-36.6 0 0-22.9-15.7 1.6-15.4 0 0 24.9 2 38.6 25.8 21.9 38.6 58.6 27.5 72.9 20.9 2.3-16 8.8-27.1 16-33.7-55.9-6.2-112.3-14.3-112.3-110.5 0-27.5 7.6-41.3 23.6-58.9-2.6-6.5-11.1-33.3 2.6-67.9 20.9-6.5 69 27 69 27 20-5.6 41.5-8.5 62.8-8.5s42.8 2.9 62.8 8.5c0 0 48.1-33.6 69-27 13.7 34.7 5.2 61.4 2.6 67.9 16 17.7 25.8 31.5 25.8 58.9 0 96.5-58.9 104.2-114.8 110.5 9.2 7.9 17 22.9 17 46.4 0 33.7-.3 75.4-.3 83.6 0 6.5 4.6 14.4 17.3 12.1C428.2 457.8 496 362.9 496 252 496 113.3 383.5 8 244.8 8zM97.2 352.9c-1.3 1-1 3.3.7 5.2 1.6 1.6 3.9 2.3 5.2 1 1.3-1 1-3.3-.7-5.2-1.6-1.6-3.9-2.3-5.2-1zm-10.8-8.1c-.7 1.3.3 2.9 2.3 3.9 1.6 1 3.6.7 4.3-.7.7-1.3-.3-2.9-2.3-3.9-2-.6-3.6-.3-4.3.7zm32.4 35.6c-1.6 1.3-1 4.3 1.3 6.2 2.3 2.3 5.2 2.6 6.5 1 1.3-1.3.7-4.3-1.3-6.2-2.2-2.3-5.2-2.6-6.5-1zm-11.4-14.7c-1.6 1-1.6 3.6 0 5.9 1.6 2.3 4.3 3.3 5.6 2.3 1.6-1.3 1.6-3.9 0-6.2-1.4-2.3-4-3.3-5.6-2z"
                      fill="currentColor"
                      style={Object {}}
                    />
                  </svg>
                </FontAwesomeIcon>
              </div>
            </styled.div>
            <styled.h2>
              <h2
                className="sc-fznWqX jgHalL"
              >
                Proutrepo
              </h2>
            </styled.h2>
            <styled.p>
              <p
                className="sc-fzoiQi cBCgxH"
              >
                proutdescription
              </p>
            </styled.p>
            <styled.div>
              <div
                className="sc-fzqARJ ZxOiY"
              >
                <styled.div>
                  <div
                    className="sc-fzqNqU geLIdj"
                  >
                    <styled.span
                      bgColor={[Function]}
                    >
                      <span
                        className="sc-fzoyTs cYShbh"
                      />
                    </styled.span>
                    <styled.span>
                      <span
                        className="sc-fzoNJl jhsLPg"
                      >
                        proutlanguage
                      </span>
                    </styled.span>
                  </div>
                </styled.div>
                <styled.span>
                  <span
                    className="sc-fzoNJl jhsLPg"
                  >
                    <FontAwesomeIcon
                      border={false}
                      className=""
                      fixedWidth={false}
                      flip={null}
                      icon={
                        Object {
                          "icon": Array [
                            384,
                            512,
                            Array [],
                            "f15c",
                            "M224 136V0H24C10.7 0 0 10.7 0 24v464c0 13.3 10.7 24 24 24h336c13.3 0 24-10.7 24-24V160H248c-13.2 0-24-10.8-24-24zm64 236c0 6.6-5.4 12-12 12H108c-6.6 0-12-5.4-12-12v-8c0-6.6 5.4-12 12-12h168c6.6 0 12 5.4 12 12v8zm0-64c0 6.6-5.4 12-12 12H108c-6.6 0-12-5.4-12-12v-8c0-6.6 5.4-12 12-12h168c6.6 0 12 5.4 12 12v8zm0-72v8c0 6.6-5.4 12-12 12H108c-6.6 0-12-5.4-12-12v-8c0-6.6 5.4-12 12-12h168c6.6 0 12 5.4 12 12zm96-114.1v6.1H256V0h6.1c6.4 0 12.5 2.5 17 7l97.9 98c4.5 4.5 7 10.6 7 16.9z",
                          ],
                          "iconName": "file-alt",
                          "prefix": "fas",
                        }
                      }
                      inverse={false}
                      listItem={false}
                      mask={null}
                      pull={null}
                      pulse={false}
                      rotation={null}
                      size={null}
                      spin={false}
                      swapOpacity={false}
                      symbol={false}
                      title=""
                      transform={null}
                    >
                      <svg
                        aria-hidden="true"
                        className="svg-inline--fa fa-file-alt fa-w-12 "
                        data-icon="file-alt"
                        data-prefix="fas"
                        focusable="false"
                        role="img"
                        style={Object {}}
                        viewBox="0 0 384 512"
                        xmlns="http://www.w3.org/2000/svg"
                      >
                        <path
                          d="M224 136V0H24C10.7 0 0 10.7 0 24v464c0 13.3 10.7 24 24 24h336c13.3 0 24-10.7 24-24V160H248c-13.2 0-24-10.8-24-24zm64 236c0 6.6-5.4 12-12 12H108c-6.6 0-12-5.4-12-12v-8c0-6.6 5.4-12 12-12h168c6.6 0 12 5.4 12 12v8zm0-64c0 6.6-5.4 12-12 12H108c-6.6 0-12-5.4-12-12v-8c0-6.6 5.4-12 12-12h168c6.6 0 12 5.4 12 12v8zm0-72v8c0 6.6-5.4 12-12 12H108c-6.6 0-12-5.4-12-12v-8c0-6.6 5.4-12 12-12h168c6.6 0 12 5.4 12 12zm96-114.1v6.1H256V0h6.1c6.4 0 12.5 2.5 17 7l97.9 98c4.5 4.5 7 10.6 7 16.9z"
                          fill="currentColor"
                          style={Object {}}
                        />
                      </svg>
                    </FontAwesomeIcon>
                     
                    proutlicense
                  </span>
                </styled.span>
              </div>
            </styled.div>
          </div>
        </styled.div>
      </Project>
      <Project
        data={
          Object {
            "description": "proutdescription",
            "language": "proutlanguage",
            "license": "proutlicense",
            "name": "Proutrepo",
            "url": "https://api.github.com/users/jvm-odoo/repos",
          }
        }
        key="proutid_https://api.github.com/users/jvm-odoo/repos"
      >
        <styled.div
          onClick={[Function]}
        >
          <div
            className="sc-fznJRM eySefL"
            onClick={[Function]}
          >
            <styled.div>
              <div
                className="sc-fznxsB dHldqA"
              >
                <FontAwesomeIcon
                  border={false}
                  className=""
                  fixedWidth={false}
                  flip={null}
                  icon={
                    Object {
                      "icon": Array [
                        496,
                        512,
                        Array [],
                        "f09b",
                        "M165.9 397.4c0 2-2.3 3.6-5.2 3.6-3.3.3-5.6-1.3-5.6-3.6 0-2 2.3-3.6 5.2-3.6 3-.3 5.6 1.3 5.6 3.6zm-31.1-4.5c-.7 2 1.3 4.3 4.3 4.9 2.6 1 5.6 0 6.2-2s-1.3-4.3-4.3-5.2c-2.6-.7-5.5.3-6.2 2.3zm44.2-1.7c-2.9.7-4.9 2.6-4.6 4.9.3 2 2.9 3.3 5.9 2.6 2.9-.7 4.9-2.6 4.6-4.6-.3-1.9-3-3.2-5.9-2.9zM244.8 8C106.1 8 0 113.3 0 252c0 110.9 69.8 205.8 169.5 239.2 12.8 2.3 17.3-5.6 17.3-12.1 0-6.2-.3-40.4-.3-61.4 0 0-70 15-84.7-29.8 0 0-11.4-29.1-27.8-36.6 0 0-22.9-15.7 1.6-15.4 0 0 24.9 2 38.6 25.8 21.9 38.6 58.6 27.5 72.9 20.9 2.3-16 8.8-27.1 16-33.7-55.9-6.2-112.3-14.3-112.3-110.5 0-27.5 7.6-41.3 23.6-58.9-2.6-6.5-11.1-33.3 2.6-67.9 20.9-6.5 69 27 69 27 20-5.6 41.5-8.5 62.8-8.5s42.8 2.9 62.8 8.5c0 0 48.1-33.6 69-27 13.7 34.7 5.2 61.4 2.6 67.9 16 17.7 25.8 31.5 25.8 58.9 0 96.5-58.9 104.2-114.8 110.5 9.2 7.9 17 22.9 17 46.4 0 33.7-.3 75.4-.3 83.6 0 6.5 4.6 14.4 17.3 12.1C428.2 457.8 496 362.9 496 252 496 113.3 383.5 8 244.8 8zM97.2 352.9c-1.3 1-1 3.3.7 5.2 1.6 1.6 3.9 2.3 5.2 1 1.3-1 1-3.3-.7-5.2-1.6-1.6-3.9-2.3-5.2-1zm-10.8-8.1c-.7 1.3.3 2.9 2.3 3.9 1.6 1 3.6.7 4.3-.7.7-1.3-.3-2.9-2.3-3.9-2-.6-3.6-.3-4.3.7zm32.4 35.6c-1.6 1.3-1 4.3 1.3 6.2 2.3 2.3 5.2 2.6 6.5 1 1.3-1.3.7-4.3-1.3-6.2-2.2-2.3-5.2-2.6-6.5-1zm-11.4-14.7c-1.6 1-1.6 3.6 0 5.9 1.6 2.3 4.3 3.3 5.6 2.3 1.6-1.3 1.6-3.9 0-6.2-1.4-2.3-4-3.3-5.6-2z",
                      ],
                      "iconName": "github",
                      "prefix": "fab",
                    }
                  }
                  inverse={false}
                  listItem={false}
                  mask={null}
                  pull={null}
                  pulse={false}
                  rotation={null}
                  size={null}
                  spin={false}
                  swapOpacity={false}
                  symbol={false}
                  title=""
                  transform={null}
                >
                  <svg
                    aria-hidden="true"
                    className="svg-inline--fa fa-github fa-w-16 "
                    data-icon="github"
                    data-prefix="fab"
                    focusable="false"
                    role="img"
                    style={Object {}}
                    viewBox="0 0 496 512"
                    xmlns="http://www.w3.org/2000/svg"
                  >
                    <path
                      d="M165.9 397.4c0 2-2.3 3.6-5.2 3.6-3.3.3-5.6-1.3-5.6-3.6 0-2 2.3-3.6 5.2-3.6 3-.3 5.6 1.3 5.6 3.6zm-31.1-4.5c-.7 2 1.3 4.3 4.3 4.9 2.6 1 5.6 0 6.2-2s-1.3-4.3-4.3-5.2c-2.6-.7-5.5.3-6.2 2.3zm44.2-1.7c-2.9.7-4.9 2.6-4.6 4.9.3 2 2.9 3.3 5.9 2.6 2.9-.7 4.9-2.6 4.6-4.6-.3-1.9-3-3.2-5.9-2.9zM244.8 8C106.1 8 0 113.3 0 252c0 110.9 69.8 205.8 169.5 239.2 12.8 2.3 17.3-5.6 17.3-12.1 0-6.2-.3-40.4-.3-61.4 0 0-70 15-84.7-29.8 0 0-11.4-29.1-27.8-36.6 0 0-22.9-15.7 1.6-15.4 0 0 24.9 2 38.6 25.8 21.9 38.6 58.6 27.5 72.9 20.9 2.3-16 8.8-27.1 16-33.7-55.9-6.2-112.3-14.3-112.3-110.5 0-27.5 7.6-41.3 23.6-58.9-2.6-6.5-11.1-33.3 2.6-67.9 20.9-6.5 69 27 69 27 20-5.6 41.5-8.5 62.8-8.5s42.8 2.9 62.8 8.5c0 0 48.1-33.6 69-27 13.7 34.7 5.2 61.4 2.6 67.9 16 17.7 25.8 31.5 25.8 58.9 0 96.5-58.9 104.2-114.8 110.5 9.2 7.9 17 22.9 17 46.4 0 33.7-.3 75.4-.3 83.6 0 6.5 4.6 14.4 17.3 12.1C428.2 457.8 496 362.9 496 252 496 113.3 383.5 8 244.8 8zM97.2 352.9c-1.3 1-1 3.3.7 5.2 1.6 1.6 3.9 2.3 5.2 1 1.3-1 1-3.3-.7-5.2-1.6-1.6-3.9-2.3-5.2-1zm-10.8-8.1c-.7 1.3.3 2.9 2.3 3.9 1.6 1 3.6.7 4.3-.7.7-1.3-.3-2.9-2.3-3.9-2-.6-3.6-.3-4.3.7zm32.4 35.6c-1.6 1.3-1 4.3 1.3 6.2 2.3 2.3 5.2 2.6 6.5 1 1.3-1.3.7-4.3-1.3-6.2-2.2-2.3-5.2-2.6-6.5-1zm-11.4-14.7c-1.6 1-1.6 3.6 0 5.9 1.6 2.3 4.3 3.3 5.6 2.3 1.6-1.3 1.6-3.9 0-6.2-1.4-2.3-4-3.3-5.6-2z"
                      fill="currentColor"
                      style={Object {}}
                    />
                  </svg>
                </FontAwesomeIcon>
              </div>
            </styled.div>
            <styled.h2>
              <h2
                className="sc-fznWqX jgHalL"
              >
                Proutrepo
              </h2>
            </styled.h2>
            <styled.p>
              <p
                className="sc-fzoiQi cBCgxH"
              >
                proutdescription
              </p>
            </styled.p>
            <styled.div>
              <div
                className="sc-fzqARJ ZxOiY"
              >
                <styled.div>
                  <div
                    className="sc-fzqNqU geLIdj"
                  >
                    <styled.span
                      bgColor={[Function]}
                    >
                      <span
                        className="sc-fzoyTs cYShbh"
                      />
                    </styled.span>
                    <styled.span>
                      <span
                        className="sc-fzoNJl jhsLPg"
                      >
                        proutlanguage
                      </span>
                    </styled.span>
                  </div>
                </styled.div>
                <styled.span>
                  <span
                    className="sc-fzoNJl jhsLPg"
                  >
                    <FontAwesomeIcon
                      border={false}
                      className=""
                      fixedWidth={false}
                      flip={null}
                      icon={
                        Object {
                          "icon": Array [
                            384,
                            512,
                            Array [],
                            "f15c",
                            "M224 136V0H24C10.7 0 0 10.7 0 24v464c0 13.3 10.7 24 24 24h336c13.3 0 24-10.7 24-24V160H248c-13.2 0-24-10.8-24-24zm64 236c0 6.6-5.4 12-12 12H108c-6.6 0-12-5.4-12-12v-8c0-6.6 5.4-12 12-12h168c6.6 0 12 5.4 12 12v8zm0-64c0 6.6-5.4 12-12 12H108c-6.6 0-12-5.4-12-12v-8c0-6.6 5.4-12 12-12h168c6.6 0 12 5.4 12 12v8zm0-72v8c0 6.6-5.4 12-12 12H108c-6.6 0-12-5.4-12-12v-8c0-6.6 5.4-12 12-12h168c6.6 0 12 5.4 12 12zm96-114.1v6.1H256V0h6.1c6.4 0 12.5 2.5 17 7l97.9 98c4.5 4.5 7 10.6 7 16.9z",
                          ],
                          "iconName": "file-alt",
                          "prefix": "fas",
                        }
                      }
                      inverse={false}
                      listItem={false}
                      mask={null}
                      pull={null}
                      pulse={false}
                      rotation={null}
                      size={null}
                      spin={false}
                      swapOpacity={false}
                      symbol={false}
                      title=""
                      transform={null}
                    >
                      <svg
                        aria-hidden="true"
                        className="svg-inline--fa fa-file-alt fa-w-12 "
                        data-icon="file-alt"
                        data-prefix="fas"
                        focusable="false"
                        role="img"
                        style={Object {}}
                        viewBox="0 0 384 512"
                        xmlns="http://www.w3.org/2000/svg"
                      >
                        <path
                          d="M224 136V0H24C10.7 0 0 10.7 0 24v464c0 13.3 10.7 24 24 24h336c13.3 0 24-10.7 24-24V160H248c-13.2 0-24-10.8-24-24zm64 236c0 6.6-5.4 12-12 12H108c-6.6 0-12-5.4-12-12v-8c0-6.6 5.4-12 12-12h168c6.6 0 12 5.4 12 12v8zm0-64c0 6.6-5.4 12-12 12H108c-6.6 0-12-5.4-12-12v-8c0-6.6 5.4-12 12-12h168c6.6 0 12 5.4 12 12v8zm0-72v8c0 6.6-5.4 12-12 12H108c-6.6 0-12-5.4-12-12v-8c0-6.6 5.4-12 12-12h168c6.6 0 12 5.4 12 12zm96-114.1v6.1H256V0h6.1c6.4 0 12.5 2.5 17 7l97.9 98c4.5 4.5 7 10.6 7 16.9z"
                          fill="currentColor"
                          style={Object {}}
                        />
                      </svg>
                    </FontAwesomeIcon>
                     
                    proutlicense
                  </span>
                </styled.span>
              </div>
            </styled.div>
          </div>
        </styled.div>
      </Project>
    </div>
  </styled.div>
</Projects>
`;
